Heap Status At Starting : 
Heap Size :  16567740  bytes

Partition of a set of 124369 objects. Total size = 16567740 bytes.
 Index  Count   %     Size   % Cumulative  % Kind (class / dict of class)
     0  37541  30  5327151  32   5327151  32 str
     1  27061  22  1967680  12   7294831  44 tuple
     2   8855   7  1564984   9   8859815  53 types.CodeType
     3   8225   7  1184400   7  10044215  61 function
     4  13967  11  1179333   7  11223548  68 bytes
     5   1248   1  1160520   7  12384068  75 type
     6    357   0   703984   4  13088052  79 dict of module
     7   1248   1   635712   4  13723764  83 dict of type
     8   1631   1   608128   4  14331892  87 dict (no owner)
     9   5951   5   179480   1  14511372  88 int
<388 more rows. Type e.g. '_.more' to view.>

Heap Status After Setting Reference Point : 
Heap Size :  616  bytes

Partition of a set of 3 objects. Total size = 616 bytes.
 Index  Count   %     Size   % Cumulative  % Kind (class / dict of class)
     0      1  33      400  65       400  65 types.FrameType
     1      1  33      144  23       544  88 function
     2      1  33       72  12       616 100 builtins.weakref

Heap Status After Creating Few Objects : 
Heap Size :  673334  bytes

Partition of a set of 525 objects. Total size = 673334 bytes.
 Index  Count   %     Size   % Cumulative  % Kind (class / dict of class)
     0     45   9   623496  93    623496  93 bytes
     1    144  27    10098   1    633594  94 str
     2     86  16     6920   1    640514  95 tuple
     3     22   4     3872   1    644386  96 types.CodeType
     4     51  10     3672   1    648058  96 builtins.weakref
     5     23   4     3312   0    651370  97 function
     6     15   3     3240   0    654610  97 set
     7      3   1     3216   0    657826  98 type
     8     33   6     2376   0    660202  98 types.BuiltinMethodType
     9      4   1     1528   0    661730  98 collections.OrderedDict
<53 more rows. Type e.g. '_.more' to view.>

Memory Usage After Creation Of Objects :  672718  bytes

