Heap Status At Starting : 
Heap Size :  16567813  bytes

Partition of a set of 124370 objects. Total size = 16567813 bytes.
 Index  Count   %     Size   % Cumulative  % Kind (class / dict of class)
     0  37540  30  5327093  32   5327093  32 str
     1  27061  22  1967680  12   7294773  44 tuple
     2   8855   7  1564984   9   8859757  53 types.CodeType
     3   8225   7  1184400   7  10044157  61 function
     4  13969  11  1179464   7  11223621  68 bytes
     5   1248   1  1160520   7  12384141  75 type
     6    357   0   703984   4  13088125  79 dict of module
     7   1248   1   635712   4  13723837  83 dict of type
     8   1631   1   608128   4  14331965  87 dict (no owner)
     9   5951   5   179480   1  14511445  88 int
<388 more rows. Type e.g. '_.more' to view.>

Heap Status After Setting Reference Point : 
Heap Size :  616  bytes

Partition of a set of 3 objects. Total size = 616 bytes.
 Index  Count   %     Size   % Cumulative  % Kind (class / dict of class)
     0      1  33      400  65       400  65 types.FrameType
     1      1  33      144  23       544  88 function
     2      1  33       72  12       616 100 builtins.weakref

Heap Status After Creating Few Objects : 
Heap Size :  364463  bytes

Partition of a set of 525 objects. Total size = 364463 bytes.
 Index  Count   %     Size   % Cumulative  % Kind (class / dict of class)
     0     45   9   314625  86    314625  86 bytes
     1    144  27    10098   3    324723  89 str
     2     86  16     6920   2    331643  91 tuple
     3     22   4     3872   1    335515  92 types.CodeType
     4     51  10     3672   1    339187  93 builtins.weakref
     5     23   4     3312   1    342499  94 function
     6     15   3     3240   1    345739  95 set
     7      3   1     3216   1    348955  96 type
     8     33   6     2376   1    351331  96 types.BuiltinMethodType
     9      4   1     1528   0    352859  97 collections.OrderedDict
<53 more rows. Type e.g. '_.more' to view.>

Memory Usage After Creation Of Objects :  363847  bytes

